[     228ms] [INFO] %cDownload the React DevTools for a better development experience: https://react.dev/link/react-devtools font-weight:bold @ http://localhost:3001/_next/static/chunks/node_modules_next_dist_1e8vcs8._.js:776
[     268ms] [LOG] [HMR] connected @ http://localhost:3001/_next/static/chunks/node_modules_next_dist_1e8vcs8._.js:776
[   31175ms] [ERROR] Failed to load resource: the server responded with a status of 401 (Unauthorized) @ http://localhost:3001/api/drive/live-note?subjectId=subject-ta:0
[   31179ms] [ERROR] Failed to load resource: the server responded with a status of 401 (Unauthorized) @ http://localhost:3001/api/drive/live-note?subjectId=subject-ago:0
[   31184ms] [ERROR] Failed to load resource: the server responded with a status of 401 (Unauthorized) @ http://localhost:3001/api/drive/live-note?subjectId=subject-ics:0
[   31188ms] [ERROR] Failed to load resource: the server responded with a status of 401 (Unauthorized) @ http://localhost:3001/api/drive/live-note?subjectId=subject-red:0
[   31192ms] [ERROR] Failed to load resource: the server responded with a status of 401 (Unauthorized) @ http://localhost:3001/api/drive/live-note?subjectId=subject-asi:0
[   31196ms] [ERROR] Failed to load resource: the server responded with a status of 401 (Unauthorized) @ http://localhost:3001/api/drive/live-note?subjectId=subject-pad:0
[   31206ms] [ERROR] Failed to load resource: the server responded with a status of 401 (Unauthorized) @ http://localhost:3001/api/drive/live-note?subjectId=subject-asi:0
[   31210ms] [ERROR] Failed to load resource: the server responded with a status of 401 (Unauthorized) @ http://localhost:3001/api/drive/live-note?subjectId=subject-red:0
[   31215ms] [ERROR] Failed to load resource: the server responded with a status of 401 (Unauthorized) @ http://localhost:3001/api/drive/live-note?subjectId=subject-ics:0
[   31220ms] [ERROR] Failed to load resource: the server responded with a status of 401 (Unauthorized) @ http://localhost:3001/api/drive/live-note?subjectId=subject-ta:0
[   31224ms] [ERROR] Failed to load resource: the server responded with a status of 401 (Unauthorized) @ http://localhost:3001/api/drive/live-note?subjectId=subject-pad:0
[   31227ms] [ERROR] Failed to load resource: the server responded with a status of 401 (Unauthorized) @ http://localhost:3001/api/drive/live-note?subjectId=subject-ago:0
[  112512ms] [LOG] [Fast Refresh] rebuilding @ http://localhost:3001/_next/static/chunks/node_modules_next_dist_1e8vcs8._.js:776
[  112563ms] [LOG] [Fast Refresh] done in 17ms @ http://localhost:3001/_next/static/chunks/node_modules_next_dist_1e8vcs8._.js:776
[  112599ms] [LOG] [Fast Refresh] done in 17ms @ http://localhost:3001/_next/static/chunks/node_modules_next_dist_1e8vcs8._.js:776
[  112635ms] [LOG] [Fast Refresh] done in 17ms @ http://localhost:3001/_next/static/chunks/node_modules_next_dist_1e8vcs8._.js:776
[  112669ms] [LOG] [Fast Refresh] done in 17ms @ http://localhost:3001/_next/static/chunks/node_modules_next_dist_1e8vcs8._.js:776
[  112704ms] [LOG] [Fast Refresh] done in 17ms @ http://localhost:3001/_next/static/chunks/node_modules_next_dist_1e8vcs8._.js:776
[  112739ms] [LOG] [Fast Refresh] done in 17ms @ http://localhost:3001/_next/static/chunks/node_modules_next_dist_1e8vcs8._.js:776
[  112773ms] [LOG] [Fast Refresh] done in 17ms @ http://localhost:3001/_next/static/chunks/node_modules_next_dist_1e8vcs8._.js:776
[  112809ms] [LOG] [Fast Refresh] done in 17ms @ http://localhost:3001/_next/static/chunks/node_modules_next_dist_1e8vcs8._.js:776
[  112845ms] [LOG] [Fast Refresh] done in 17ms @ http://localhost:3001/_next/static/chunks/node_modules_next_dist_1e8vcs8._.js:776
[  112880ms] [LOG] [Fast Refresh] done in 17ms @ http://localhost:3001/_next/static/chunks/node_modules_next_dist_1e8vcs8._.js:776
[  112914ms] [LOG] [Fast Refresh] done in 17ms @ http://localhost:3001/_next/static/chunks/node_modules_next_dist_1e8vcs8._.js:776
[  112949ms] [LOG] [Fast Refresh] done in 17ms @ http://localhost:3001/_next/static/chunks/node_modules_next_dist_1e8vcs8._.js:776
[  112985ms] [LOG] [Fast Refresh] done in 17ms @ http://localhost:3001/_next/static/chunks/node_modules_next_dist_1e8vcs8._.js:776
[  113022ms] [LOG] [Fast Refresh] done in 17ms @ http://localhost:3001/_next/static/chunks/node_modules_next_dist_1e8vcs8._.js:776
[  113057ms] [LOG] [Fast Refresh] done in 17ms @ http://localhost:3001/_next/static/chunks/node_modules_next_dist_1e8vcs8._.js:776
[  113092ms] [LOG] [Fast Refresh] done in 17ms @ http://localhost:3001/_next/static/chunks/node_modules_next_dist_1e8vcs8._.js:776
[  113127ms] [LOG] [Fast Refresh] done in 17ms @ http://localhost:3001/_next/static/chunks/node_modules_next_dist_1e8vcs8._.js:776
[  113162ms] [LOG] [Fast Refresh] done in 17ms @ http://localhost:3001/_next/static/chunks/node_modules_next_dist_1e8vcs8._.js:776
[  113197ms] [LOG] [Fast Refresh] done in 17ms @ http://localhost:3001/_next/static/chunks/node_modules_next_dist_1e8vcs8._.js:776
[  113233ms] [LOG] [Fast Refresh] done in 17ms @ http://localhost:3001/_next/static/chunks/node_modules_next_dist_1e8vcs8._.js:776
[  113267ms] [LOG] [Fast Refresh] done in 17ms @ http://localhost:3001/_next/static/chunks/node_modules_next_dist_1e8vcs8._.js:776
[  113302ms] [LOG] [Fast Refresh] done in 17ms @ http://localhost:3001/_next/static/chunks/node_modules_next_dist_1e8vcs8._.js:776
[  113337ms] [LOG] [Fast Refresh] done in 17ms @ http://localhost:3001/_next/static/chunks/node_modules_next_dist_1e8vcs8._.js:776
[  113372ms] [LOG] [Fast Refresh] done in 17ms @ http://localhost:3001/_next/static/chunks/node_modules_next_dist_1e8vcs8._.js:776
[  113407ms] [LOG] [Fast Refresh] done in 17ms @ http://localhost:3001/_next/static/chunks/node_modules_next_dist_1e8vcs8._.js:776
[  113442ms] [LOG] [Fast Refresh] done in 17ms @ http://localhost:3001/_next/static/chunks/node_modules_next_dist_1e8vcs8._.js:776
[  113477ms] [LOG] [Fast Refresh] done in 17ms @ http://localhost:3001/_next/static/chunks/node_modules_next_dist_1e8vcs8._.js:776
[  113512ms] [LOG] [Fast Refresh] done in 17ms @ http://localhost:3001/_next/static/chunks/node_modules_next_dist_1e8vcs8._.js:776
[  113547ms] [LOG] [Fast Refresh] done in 17ms @ http://localhost:3001/_next/static/chunks/node_modules_next_dist_1e8vcs8._.js:776
[  113582ms] [LOG] [Fast Refresh] done in 17ms @ http://localhost:3001/_next/static/chunks/node_modules_next_dist_1e8vcs8._.js:776
[  113617ms] [LOG] [Fast Refresh] done in 17ms @ http://localhost:3001/_next/static/chunks/node_modules_next_dist_1e8vcs8._.js:776
[  113652ms] [LOG] [Fast Refresh] done in 17ms @ http://localhost:3001/_next/static/chunks/node_modules_next_dist_1e8vcs8._.js:776
[  113688ms] [LOG] [Fast Refresh] done in 17ms @ http://localhost:3001/_next/static/chunks/node_modules_next_dist_1e8vcs8._.js:776
[  113724ms] [LOG] [Fast Refresh] done in 17ms @ http://localhost:3001/_next/static/chunks/node_modules_next_dist_1e8vcs8._.js:776
[  113758ms] [LOG] [Fast Refresh] done in 17ms @ http://localhost:3001/_next/static/chunks/node_modules_next_dist_1e8vcs8._.js:776
[  113793ms] [LOG] [Fast Refresh] done in 17ms @ http://localhost:3001/_next/static/chunks/node_modules_next_dist_1e8vcs8._.js:776
[  113828ms] [LOG] [Fast Refresh] done in 17ms @ http://localhost:3001/_next/static/chunks/node_modules_next_dist_1e8vcs8._.js:776
[  113864ms] [LOG] [Fast Refresh] done in 17ms @ http://localhost:3001/_next/static/chunks/node_modules_next_dist_1e8vcs8._.js:776
[  113898ms] [LOG] [Fast Refresh] done in 17ms @ http://localhost:3001/_next/static/chunks/node_modules_next_dist_1e8vcs8._.js:776
[  113933ms] [LOG] [Fast Refresh] done in 17ms @ http://localhost:3001/_next/static/chunks/node_modules_next_dist_1e8vcs8._.js:776
[  113967ms] [LOG] [Fast Refresh] done in 17ms @ http://localhost:3001/_next/static/chunks/node_modules_next_dist_1e8vcs8._.js:776
[  114002ms] [LOG] [Fast Refresh] done in 17ms @ http://localhost:3001/_next/static/chunks/node_modules_next_dist_1e8vcs8._.js:776
[  114040ms] [LOG] [Fast Refresh] done in 17ms @ http://localhost:3001/_next/static/chunks/node_modules_next_dist_1e8vcs8._.js:776
[  114074ms] [LOG] [Fast Refresh] done in 17ms @ http://localhost:3001/_next/static/chunks/node_modules_next_dist_1e8vcs8._.js:776
[  114109ms] [LOG] [Fast Refresh] done in 17ms @ http://localhost:3001/_next/static/chunks/node_modules_next_dist_1e8vcs8._.js:776
[  114144ms] [LOG] [Fast Refresh] done in 17ms @ http://localhost:3001/_next/static/chunks/node_modules_next_dist_1e8vcs8._.js:776
[  114179ms] [LOG] [Fast Refresh] done in 17ms @ http://localhost:3001/_next/static/chunks/node_modules_next_dist_1e8vcs8._.js:776
[  114215ms] [LOG] [Fast Refresh] done in 17ms @ http://localhost:3001/_next/static/chunks/node_modules_next_dist_1e8vcs8._.js:776
[  114250ms] [LOG] [Fast Refresh] done in 17ms @ http://localhost:3001/_next/static/chunks/node_modules_next_dist_1e8vcs8._.js:776
[  114284ms] [LOG] [Fast Refresh] done in 17ms @ http://localhost:3001/_next/static/chunks/node_modules_next_dist_1e8vcs8._.js:776
[  114319ms] [LOG] [Fast Refresh] done in 17ms @ http://localhost:3001/_next/static/chunks/node_modules_next_dist_1e8vcs8._.js:776
[  114354ms] [LOG] [Fast Refresh] done in 17ms @ http://localhost:3001/_next/static/chunks/node_modules_next_dist_1e8vcs8._.js:776
[  114389ms] [LOG] [Fast Refresh] done in 17ms @ http://localhost:3001/_next/static/chunks/node_modules_next_dist_1e8vcs8._.js:776
[  114423ms] [LOG] [Fast Refresh] done in 17ms @ http://localhost:3001/_next/static/chunks/node_modules_next_dist_1e8vcs8._.js:776
[  114460ms] [LOG] [Fast Refresh] done in 17ms @ http://localhost:3001/_next/static/chunks/node_modules_next_dist_1e8vcs8._.js:776
[  114494ms] [LOG] [Fast Refresh] done in 17ms @ http://localhost:3001/_next/static/chunks/node_modules_next_dist_1e8vcs8._.js:776
[  114531ms] [LOG] [Fast Refresh] done in 17ms @ http://localhost:3001/_next/static/chunks/node_modules_next_dist_1e8vcs8._.js:776
[  114565ms] [LOG] [Fast Refresh] done in 17ms @ http://localhost:3001/_next/static/chunks/node_modules_next_dist_1e8vcs8._.js:776
[  114601ms] [LOG] [Fast Refresh] done in 17ms @ http://localhost:3001/_next/static/chunks/node_modules_next_dist_1e8vcs8._.js:776
[  114637ms] [LOG] [Fast Refresh] done in 17ms @ http://localhost:3001/_next/static/chunks/node_modules_next_dist_1e8vcs8._.js:776
[  114671ms] [LOG] [Fast Refresh] done in 17ms @ http://localhost:3001/_next/static/chunks/node_modules_next_dist_1e8vcs8._.js:776
[  114707ms] [LOG] [Fast Refresh] done in 17ms @ http://localhost:3001/_next/static/chunks/node_modules_next_dist_1e8vcs8._.js:776
[  114741ms] [LOG] [Fast Refresh] done in 17ms @ http://localhost:3001/_next/static/chunks/node_modules_next_dist_1e8vcs8._.js:776
[  114777ms] [LOG] [Fast Refresh] done in 17ms @ http://localhost:3001/_next/static/chunks/node_modules_next_dist_1e8vcs8._.js:776
[  114812ms] [LOG] [Fast Refresh] done in 17ms @ http://localhost:3001/_next/static/chunks/node_modules_next_dist_1e8vcs8._.js:776
[  114847ms] [LOG] [Fast Refresh] done in 17ms @ http://localhost:3001/_next/static/chunks/node_modules_next_dist_1e8vcs8._.js:776
[  114882ms] [LOG] [Fast Refresh] done in 17ms @ http://localhost:3001/_next/static/chunks/node_modules_next_dist_1e8vcs8._.js:776
[  114917ms] [LOG] [Fast Refresh] done in 17ms @ http://localhost:3001/_next/static/chunks/node_modules_next_dist_1e8vcs8._.js:776
[  114952ms] [LOG] [Fast Refresh] done in 17ms @ http://localhost:3001/_next/static/chunks/node_modules_next_dist_1e8vcs8._.js:776
[  114987ms] [LOG] [Fast Refresh] done in 17ms @ http://localhost:3001/_next/static/chunks/node_modules_next_dist_1e8vcs8._.js:776
[  115022ms] [LOG] [Fast Refresh] done in 17ms @ http://localhost:3001/_next/static/chunks/node_modules_next_dist_1e8vcs8._.js:776
[  115057ms] [LOG] [Fast Refresh] done in 17ms @ http://localhost:3001/_next/static/chunks/node_modules_next_dist_1e8vcs8._.js:776
[  115092ms] [LOG] [Fast Refresh] done in 17ms @ http://localhost:3001/_next/static/chunks/node_modules_next_dist_1e8vcs8._.js:776
[  115127ms] [LOG] [Fast Refresh] done in 17ms @ http://localhost:3001/_next/static/chunks/node_modules_next_dist_1e8vcs8._.js:776
[  115162ms] [LOG] [Fast Refresh] done in 17ms @ http://localhost:3001/_next/static/chunks/node_modules_next_dist_1e8vcs8._.js:776
[  115196ms] [LOG] [Fast Refresh] done in 17ms @ http://localhost:3001/_next/static/chunks/node_modules_next_dist_1e8vcs8._.js:776
[  115231ms] [LOG] [Fast Refresh] done in 17ms @ http://localhost:3001/_next/static/chunks/node_modules_next_dist_1e8vcs8._.js:776
[  115266ms] [LOG] [Fast Refresh] done in 17ms @ http://localhost:3001/_next/static/chunks/node_modules_next_dist_1e8vcs8._.js:776
[  115299ms] [LOG] [Fast Refresh] done in 17ms @ http://localhost:3001/_next/static/chunks/node_modules_next_dist_1e8vcs8._.js:776
[  115333ms] [LOG] [Fast Refresh] done in 17ms @ http://localhost:3001/_next/static/chunks/node_modules_next_dist_1e8vcs8._.js:776
[  115368ms] [LOG] [Fast Refresh] done in 17ms @ http://localhost:3001/_next/static/chunks/node_modules_next_dist_1e8vcs8._.js:776
[  115403ms] [LOG] [Fast Refresh] done in 17ms @ http://localhost:3001/_next/static/chunks/node_modules_next_dist_1e8vcs8._.js:776
[  115438ms] [LOG] [Fast Refresh] done in 17ms @ http://localhost:3001/_next/static/chunks/node_modules_next_dist_1e8vcs8._.js:776
[  115473ms] [LOG] [Fast Refresh] done in 17ms @ http://localhost:3001/_next/static/chunks/node_modules_next_dist_1e8vcs8._.js:776
[  115507ms] [LOG] [Fast Refresh] done in 17ms @ http://localhost:3001/_next/static/chunks/node_modules_next_dist_1e8vcs8._.js:776
[  115542ms] [LOG] [Fast Refresh] done in 17ms @ http://localhost:3001/_next/static/chunks/node_modules_next_dist_1e8vcs8._.js:776
[  115577ms] [LOG] [Fast Refresh] done in 17ms @ http://localhost:3001/_next/static/chunks/node_modules_next_dist_1e8vcs8._.js:776
[  115612ms] [LOG] [Fast Refresh] done in 17ms @ http://localhost:3001/_next/static/chunks/node_modules_next_dist_1e8vcs8._.js:776
[  115647ms] [LOG] [Fast Refresh] done in 17ms @ http://localhost:3001/_next/static/chunks/node_modules_next_dist_1e8vcs8._.js:776
[  115681ms] [LOG] [Fast Refresh] done in 17ms @ http://localhost:3001/_next/static/chunks/node_modules_next_dist_1e8vcs8._.js:776
[  115717ms] [LOG] [Fast Refresh] done in 17ms @ http://localhost:3001/_next/static/chunks/node_modules_next_dist_1e8vcs8._.js:776
[  115750ms] [LOG] [Fast Refresh] done in 17ms @ http://localhost:3001/_next/static/chunks/node_modules_next_dist_1e8vcs8._.js:776
[  115785ms] [LOG] [Fast Refresh] done in 17ms @ http://localhost:3001/_next/static/chunks/node_modules_next_dist_1e8vcs8._.js:776
[  115819ms] [LOG] [Fast Refresh] done in 17ms @ http://localhost:3001/_next/static/chunks/node_modules_next_dist_1e8vcs8._.js:776
[  115854ms] [LOG] [Fast Refresh] done in 17ms @ http://localhost:3001/_next/static/chunks/node_modules_next_dist_1e8vcs8._.js:776
[  115888ms] [LOG] [Fast Refresh] done in 17ms @ http://localhost:3001/_next/static/chunks/node_modules_next_dist_1e8vcs8._.js:776
[  115923ms] [LOG] [Fast Refresh] done in 17ms @ http://localhost:3001/_next/static/chunks/node_modules_next_dist_1e8vcs8._.js:776
[  115958ms] [LOG] [Fast Refresh] done in 17ms @ http://localhost:3001/_next/static/chunks/node_modules_next_dist_1e8vcs8._.js:776
[  115993ms] [LOG] [Fast Refresh] done in 17ms @ http://localhost:3001/_next/static/chunks/node_modules_next_dist_1e8vcs8._.js:776
[  116028ms] [LOG] [Fast Refresh] done in 17ms @ http://localhost:3001/_next/static/chunks/node_modules_next_dist_1e8vcs8._.js:776
[  116062ms] [LOG] [Fast Refresh] done in 17ms @ http://localhost:3001/_next/static/chunks/node_modules_next_dist_1e8vcs8._.js:776
[  116097ms] [LOG] [Fast Refresh] done in 17ms @ http://localhost:3001/_next/static/chunks/node_modules_next_dist_1e8vcs8._.js:776
[  116131ms] [LOG] [Fast Refresh] done in 17ms @ http://localhost:3001/_next/static/chunks/node_modules_next_dist_1e8vcs8._.js:776
[  116165ms] [LOG] [Fast Refresh] done in 17ms @ http://localhost:3001/_next/static/chunks/node_modules_next_dist_1e8vcs8._.js:776
[  116199ms] [LOG] [Fast Refresh] done in 17ms @ http://localhost:3001/_next/static/chunks/node_modules_next_dist_1e8vcs8._.js:776
[  116234ms] [LOG] [Fast Refresh] done in 17ms @ http://localhost:3001/_next/static/chunks/node_modules_next_dist_1e8vcs8._.js:776
[  116269ms] [LOG] [Fast Refresh] done in 17ms @ http://localhost:3001/_next/static/chunks/node_modules_next_dist_1e8vcs8._.js:776
[  116304ms] [LOG] [Fast Refresh] done in 17ms @ http://localhost:3001/_next/static/chunks/node_modules_next_dist_1e8vcs8._.js:776
[  116339ms] [LOG] [Fast Refresh] done in 17ms @ http://localhost:3001/_next/static/chunks/node_modules_next_dist_1e8vcs8._.js:776
[  116374ms] [LOG] [Fast Refresh] done in 17ms @ http://localhost:3001/_next/static/chunks/node_modules_next_dist_1e8vcs8._.js:776
[  116409ms] [LOG] [Fast Refresh] done in 17ms @ http://localhost:3001/_next/static/chunks/node_modules_next_dist_1e8vcs8._.js:776
[  116445ms] [LOG] [Fast Refresh] done in 17ms @ http://localhost:3001/_next/static/chunks/node_modules_next_dist_1e8vcs8._.js:776
[  116478ms] [LOG] [Fast Refresh] done in 17ms @ http://localhost:3001/_next/static/chunks/node_modules_next_dist_1e8vcs8._.js:776
[  116512ms] [LOG] [Fast Refresh] done in 17ms @ http://localhost:3001/_next/static/chunks/node_modules_next_dist_1e8vcs8._.js:776
[  116549ms] [LOG] [Fast Refresh] done in 17ms @ http://localhost:3001/_next/static/chunks/node_modules_next_dist_1e8vcs8._.js:776
[  116584ms] [LOG] [Fast Refresh] done in 17ms @ http://localhost:3001/_next/static/chunks/node_modules_next_dist_1e8vcs8._.js:776
[  116619ms] [LOG] [Fast Refresh] done in 17ms @ http://localhost:3001/_next/static/chunks/node_modules_next_dist_1e8vcs8._.js:776
[  116654ms] [LOG] [Fast Refresh] done in 17ms @ http://localhost:3001/_next/static/chunks/node_modules_next_dist_1e8vcs8._.js:776
[  116689ms] [LOG] [Fast Refresh] done in 17ms @ http://localhost:3001/_next/static/chunks/node_modules_next_dist_1e8vcs8._.js:776
[  116724ms] [LOG] [Fast Refresh] done in 17ms @ http://localhost:3001/_next/static/chunks/node_modules_next_dist_1e8vcs8._.js:776
[  116758ms] [LOG] [Fast Refresh] done in 17ms @ http://localhost:3001/_next/static/chunks/node_modules_next_dist_1e8vcs8._.js:776
[  116793ms] [LOG] [Fast Refresh] done in 17ms @ http://localhost:3001/_next/static/chunks/node_modules_next_dist_1e8vcs8._.js:776
[  116827ms] [LOG] [Fast Refresh] done in 17ms @ http://localhost:3001/_next/static/chunks/node_modules_next_dist_1e8vcs8._.js:776
[  116861ms] [LOG] [Fast Refresh] done in 17ms @ http://localhost:3001/_next/static/chunks/node_modules_next_dist_1e8vcs8._.js:776
[  116895ms] [LOG] [Fast Refresh] done in 17ms @ http://localhost:3001/_next/static/chunks/node_modules_next_dist_1e8vcs8._.js:776
[  116929ms] [LOG] [Fast Refresh] done in 17ms @ http://localhost:3001/_next/static/chunks/node_modules_next_dist_1e8vcs8._.js:776
[  116963ms] [LOG] [Fast Refresh] done in 17ms @ http://localhost:3001/_next/static/chunks/node_modules_next_dist_1e8vcs8._.js:776
[  117000ms] [LOG] [Fast Refresh] done in 17ms @ http://localhost:3001/_next/static/chunks/node_modules_next_dist_1e8vcs8._.js:776
[  117035ms] [LOG] [Fast Refresh] done in 17ms @ http://localhost:3001/_next/static/chunks/node_modules_next_dist_1e8vcs8._.js:776
[  117070ms] [LOG] [Fast Refresh] done in 17ms @ http://localhost:3001/_next/static/chunks/node_modules_next_dist_1e8vcs8._.js:776
[  117105ms] [LOG] [Fast Refresh] done in 17ms @ http://localhost:3001/_next/static/chunks/node_modules_next_dist_1e8vcs8._.js:776
[  117140ms] [LOG] [Fast Refresh] done in 17ms @ http://localhost:3001/_next/static/chunks/node_modules_next_dist_1e8vcs8._.js:776
[  117174ms] [LOG] [Fast Refresh] done in 17ms @ http://localhost:3001/_next/static/chunks/node_modules_next_dist_1e8vcs8._.js:776
[  117209ms] [LOG] [Fast Refresh] done in 17ms @ http://localhost:3001/_next/static/chunks/node_modules_next_dist_1e8vcs8._.js:776
[  117243ms] [LOG] [Fast Refresh] done in 17ms @ http://localhost:3001/_next/static/chunks/node_modules_next_dist_1e8vcs8._.js:776
[  117278ms] [LOG] [Fast Refresh] done in 17ms @ http://localhost:3001/_next/static/chunks/node_modules_next_dist_1e8vcs8._.js:776
[  117313ms] [LOG] [Fast Refresh] done in 17ms @ http://localhost:3001/_next/static/chunks/node_modules_next_dist_1e8vcs8._.js:776
[  117347ms] [LOG] [Fast Refresh] done in 17ms @ http://localhost:3001/_next/static/chunks/node_modules_next_dist_1e8vcs8._.js:776
[  117382ms] [LOG] [Fast Refresh] done in 17ms @ http://localhost:3001/_next/static/chunks/node_modules_next_dist_1e8vcs8._.js:776
[  117415ms] [LOG] [Fast Refresh] done in 17ms @ http://localhost:3001/_next/static/chunks/node_modules_next_dist_1e8vcs8._.js:776
[  117450ms] [LOG] [Fast Refresh] done in 17ms @ http://localhost:3001/_next/static/chunks/node_modules_next_dist_1e8vcs8._.js:776
[  117485ms] [LOG] [Fast Refresh] done in 17ms @ http://localhost:3001/_next/static/chunks/node_modules_next_dist_1e8vcs8._.js:776
[  117525ms] [LOG] [Fast Refresh] done in 17ms @ http://localhost:3001/_next/static/chunks/node_modules_next_dist_1e8vcs8._.js:776
[  117559ms] [LOG] [Fast Refresh] done in 17ms @ http://localhost:3001/_next/static/chunks/node_modules_next_dist_1e8vcs8._.js:776
[  117594ms] [LOG] [Fast Refresh] done in 17ms @ http://localhost:3001/_next/static/chunks/node_modules_next_dist_1e8vcs8._.js:776
[  117629ms] [LOG] [Fast Refresh] done in 17ms @ http://localhost:3001/_next/static/chunks/node_modules_next_dist_1e8vcs8._.js:776
[  117664ms] [LOG] [Fast Refresh] done in 17ms @ http://localhost:3001/_next/static/chunks/node_modules_next_dist_1e8vcs8._.js:776
[  117699ms] [LOG] [Fast Refresh] done in 17ms @ http://localhost:3001/_next/static/chunks/node_modules_next_dist_1e8vcs8._.js:776
[  117735ms] [LOG] [Fast Refresh] done in 17ms @ http://localhost:3001/_next/static/chunks/node_modules_next_dist_1e8vcs8._.js:776
[  117769ms] [LOG] [Fast Refresh] done in 17ms @ http://localhost:3001/_next/static/chunks/node_modules_next_dist_1e8vcs8._.js:776
[  117802ms] [LOG] [Fast Refresh] done in 17ms @ http://localhost:3001/_next/static/chunks/node_modules_next_dist_1e8vcs8._.js:776
[  117837ms] [LOG] [Fast Refresh] done in 17ms @ http://localhost:3001/_next/static/chunks/node_modules_next_dist_1e8vcs8._.js:776
[  117871ms] [LOG] [Fast Refresh] done in 17ms @ http://localhost:3001/_next/static/chunks/node_modules_next_dist_1e8vcs8._.js:776
[  117907ms] [LOG] [Fast Refresh] done in 17ms @ http://localhost:3001/_next/static/chunks/node_modules_next_dist_1e8vcs8._.js:776
[  117942ms] [LOG] [Fast Refresh] done in 17ms @ http://localhost:3001/_next/static/chunks/node_modules_next_dist_1e8vcs8._.js:776
[  117977ms] [LOG] [Fast Refresh] done in 17ms @ http://localhost:3001/_next/static/chunks/node_modules_next_dist_1e8vcs8._.js:776
[  118012ms] [LOG] [Fast Refresh] done in 17ms @ http://localhost:3001/_next/static/chunks/node_modules_next_dist_1e8vcs8._.js:776
[  118046ms] [LOG] [Fast Refresh] done in 17ms @ http://localhost:3001/_next/static/chunks/node_modules_next_dist_1e8vcs8._.js:776
[  118082ms] [LOG] [Fast Refresh] done in 17ms @ http://localhost:3001/_next/static/chunks/node_modules_next_dist_1e8vcs8._.js:776
[  118117ms] [LOG] [Fast Refresh] done in 17ms @ http://localhost:3001/_next/static/chunks/node_modules_next_dist_1e8vcs8._.js:776
[  118151ms] [LOG] [Fast Refresh] done in 17ms @ http://localhost:3001/_next/static/chunks/node_modules_next_dist_1e8vcs8._.js:776
[  118186ms] [LOG] [Fast Refresh] done in 17ms @ http://localhost:3001/_next/static/chunks/node_modules_next_dist_1e8vcs8._.js:776
[  118221ms] [LOG] [Fast Refresh] done in 17ms @ http://localhost:3001/_next/static/chunks/node_modules_next_dist_1e8vcs8._.js:776
[  118257ms] [LOG] [Fast Refresh] done in 17ms @ http://localhost:3001/_next/static/chunks/node_modules_next_dist_1e8vcs8._.js:776
[  118292ms] [LOG] [Fast Refresh] done in 17ms @ http://localhost:3001/_next/static/chunks/node_modules_next_dist_1e8vcs8._.js:776
[  118325ms] [LOG] [Fast Refresh] done in 17ms @ http://localhost:3001/_next/static/chunks/node_modules_next_dist_1e8vcs8._.js:776
[  118360ms] [LOG] [Fast Refresh] done in 17ms @ http://localhost:3001/_next/static/chunks/node_modules_next_dist_1e8vcs8._.js:776
[  118395ms] [LOG] [Fast Refresh] done in 17ms @ http://localhost:3001/_next/static/chunks/node_modules_next_dist_1e8vcs8._.js:776
[  118430ms] [LOG] [Fast Refresh] done in 17ms @ http://localhost:3001/_next/static/chunks/node_modules_next_dist_1e8vcs8._.js:776
[  118465ms] [LOG] [Fast Refresh] done in 17ms @ http://localhost:3001/_next/static/chunks/node_modules_next_dist_1e8vcs8._.js:776
[  118500ms] [LOG] [Fast Refresh] done in 17ms @ http://localhost:3001/_next/static/chunks/node_modules_next_dist_1e8vcs8._.js:776
[  118533ms] [LOG] [Fast Refresh] done in 17ms @ http://localhost:3001/_next/static/chunks/node_modules_next_dist_1e8vcs8._.js:776
[  118567ms] [LOG] [Fast Refresh] done in 17ms @ http://localhost:3001/_next/static/chunks/node_modules_next_dist_1e8vcs8._.js:776
[  118602ms] [LOG] [Fast Refresh] done in 17ms @ http://localhost:3001/_next/static/chunks/node_modules_next_dist_1e8vcs8._.js:776
[  118637ms] [LOG] [Fast Refresh] done in 17ms @ http://localhost:3001/_next/static/chunks/node_modules_next_dist_1e8vcs8._.js:776
[  118672ms] [LOG] [Fast Refresh] done in 17ms @ http://localhost:3001/_next/static/chunks/node_modules_next_dist_1e8vcs8._.js:776
[  118708ms] [LOG] [Fast Refresh] done in 17ms @ http://localhost:3001/_next/static/chunks/node_modules_next_dist_1e8vcs8._.js:776
[  118743ms] [LOG] [Fast Refresh] done in 17ms @ http://localhost:3001/_next/static/chunks/node_modules_next_dist_1e8vcs8._.js:776
[  118778ms] [LOG] [Fast Refresh] done in 17ms @ http://localhost:3001/_next/static/chunks/node_modules_next_dist_1e8vcs8._.js:776
[  118813ms] [LOG] [Fast Refresh] done in 17ms @ http://localhost:3001/_next/static/chunks/node_modules_next_dist_1e8vcs8._.js:776
[  118849ms] [LOG] [Fast Refresh] done in 17ms @ http://localhost:3001/_next/static/chunks/node_modules_next_dist_1e8vcs8._.js:776
[  118885ms] [LOG] [Fast Refresh] done in 17ms @ http://localhost:3001/_next/static/chunks/node_modules_next_dist_1e8vcs8._.js:776
[  118920ms] [LOG] [Fast Refresh] done in 17ms @ http://localhost:3001/_next/static/chunks/node_modules_next_dist_1e8vcs8._.js:776
[  118954ms] [LOG] [Fast Refresh] done in 17ms @ http://localhost:3001/_next/static/chunks/node_modules_next_dist_1e8vcs8._.js:776
[  118989ms] [LOG] [Fast Refresh] done in 17ms @ http://localhost:3001/_next/static/chunks/node_modules_next_dist_1e8vcs8._.js:776
[  119023ms] [LOG] [Fast Refresh] done in 17ms @ http://localhost:3001/_next/static/chunks/node_modules_next_dist_1e8vcs8._.js:776
[  119058ms] [LOG] [Fast Refresh] done in 17ms @ http://localhost:3001/_next/static/chunks/node_modules_next_dist_1e8vcs8._.js:776
[  119092ms] [LOG] [Fast Refresh] done in 17ms @ http://localhost:3001/_next/static/chunks/node_modules_next_dist_1e8vcs8._.js:776
[  119127ms] [LOG] [Fast Refresh] done in 17ms @ http://localhost:3001/_next/static/chunks/node_modules_next_dist_1e8vcs8._.js:776
[  119163ms] [LOG] [Fast Refresh] done in 17ms @ http://localhost:3001/_next/static/chunks/node_modules_next_dist_1e8vcs8._.js:776
[  119197ms] [LOG] [Fast Refresh] done in 17ms @ http://localhost:3001/_next/static/chunks/node_modules_next_dist_1e8vcs8._.js:776
[  119233ms] [LOG] [Fast Refresh] done in 17ms @ http://localhost:3001/_next/static/chunks/node_modules_next_dist_1e8vcs8._.js:776
[  119268ms] [LOG] [Fast Refresh] done in 17ms @ http://localhost:3001/_next/static/chunks/node_modules_next_dist_1e8vcs8._.js:776
[  119302ms] [LOG] [Fast Refresh] done in 17ms @ http://localhost:3001/_next/static/chunks/node_modules_next_dist_1e8vcs8._.js:776
[  119337ms] [LOG] [Fast Refresh] done in 17ms @ http://localhost:3001/_next/static/chunks/node_modules_next_dist_1e8vcs8._.js:776
[  119372ms] [LOG] [Fast Refresh] done in 17ms @ http://localhost:3001/_next/static/chunks/node_modules_next_dist_1e8vcs8._.js:776
[  119407ms] [LOG] [Fast Refresh] done in 17ms @ http://localhost:3001/_next/static/chunks/node_modules_next_dist_1e8vcs8._.js:776
[  119442ms] [LOG] [Fast Refresh] done in 17ms @ http://localhost:3001/_next/static/chunks/node_modules_next_dist_1e8vcs8._.js:776
[  119477ms] [LOG] [Fast Refresh] done in 17ms @ http://localhost:3001/_next/static/chunks/node_modules_next_dist_1e8vcs8._.js:776
[  119513ms] [LOG] [Fast Refresh] done in 17ms @ http://localhost:3001/_next/static/chunks/node_modules_next_dist_1e8vcs8._.js:776
[  119548ms] [LOG] [Fast Refresh] done in 17ms @ http://localhost:3001/_next/static/chunks/node_modules_next_dist_1e8vcs8._.js:776
[  119583ms] [LOG] [Fast Refresh] done in 17ms @ http://localhost:3001/_next/static/chunks/node_modules_next_dist_1e8vcs8._.js:776
[  119617ms] [LOG] [Fast Refresh] done in 17ms @ http://localhost:3001/_next/static/chunks/node_modules_next_dist_1e8vcs8._.js:776
[  119653ms] [LOG] [Fast Refresh] done in 17ms @ http://localhost:3001/_next/static/chunks/node_modules_next_dist_1e8vcs8._.js:776
[  119688ms] [LOG] [Fast Refresh] done in 17ms @ http://localhost:3001/_next/static/chunks/node_modules_next_dist_1e8vcs8._.js:776
[  119723ms] [LOG] [Fast Refresh] done in 17ms @ http://localhost:3001/_next/static/chunks/node_modules_next_dist_1e8vcs8._.js:776
[  119758ms] [LOG] [Fast Refresh] done in 17ms @ http://localhost:3001/_next/static/chunks/node_modules_next_dist_1e8vcs8._.js:776
[  119793ms] [LOG] [Fast Refresh] done in 17ms @ http://localhost:3001/_next/static/chunks/node_modules_next_dist_1e8vcs8._.js:776
[  119829ms] [LOG] [Fast Refresh] done in 17ms @ http://localhost:3001/_next/static/chunks/node_modules_next_dist_1e8vcs8._.js:776
[  119863ms] [LOG] [Fast Refresh] done in 17ms @ http://localhost:3001/_next/static/chunks/node_modules_next_dist_1e8vcs8._.js:776
[  119899ms] [LOG] [Fast Refresh] done in 17ms @ http://localhost:3001/_next/static/chunks/node_modules_next_dist_1e8vcs8._.js:776
[  119934ms] [LOG] [Fast Refresh] done in 17ms @ http://localhost:3001/_next/static/chunks/node_modules_next_dist_1e8vcs8._.js:776
[  119969ms] [LOG] [Fast Refresh] done in 17ms @ http://localhost:3001/_next/static/chunks/node_modules_next_dist_1e8vcs8._.js:776
[  120003ms] [LOG] [Fast Refresh] done in 17ms @ http://localhost:3001/_next/static/chunks/node_modules_next_dist_1e8vcs8._.js:776
[  120039ms] [LOG] [Fast Refresh] done in 17ms @ http://localhost:3001/_next/static/chunks/node_modules_next_dist_1e8vcs8._.js:776
[  120075ms] [LOG] [Fast Refresh] done in 17ms @ http://localhost:3001/_next/static/chunks/node_modules_next_dist_1e8vcs8._.js:776
[  120109ms] [LOG] [Fast Refresh] done in 17ms @ http://localhost:3001/_next/static/chunks/node_modules_next_dist_1e8vcs8._.js:776
[  120143ms] [LOG] [Fast Refresh] done in 17ms @ http://localhost:3001/_next/static/chunks/node_modules_next_dist_1e8vcs8._.js:776
[  120178ms] [LOG] [Fast Refresh] done in 17ms @ http://localhost:3001/_next/static/chunks/node_modules_next_dist_1e8vcs8._.js:776
[  120212ms] [LOG] [Fast Refresh] done in 17ms @ http://localhost:3001/_next/static/chunks/node_modules_next_dist_1e8vcs8._.js:776
[  120246ms] [LOG] [Fast Refresh] done in 17ms @ http://localhost:3001/_next/static/chunks/node_modules_next_dist_1e8vcs8._.js:776
[  120282ms] [LOG] [Fast Refresh] done in 17ms @ http://localhost:3001/_next/static/chunks/node_modules_next_dist_1e8vcs8._.js:776
[  120317ms] [LOG] [Fast Refresh] done in 17ms @ http://localhost:3001/_next/static/chunks/node_modules_next_dist_1e8vcs8._.js:776
[  120352ms] [LOG] [Fast Refresh] done in 17ms @ http://localhost:3001/_next/static/chunks/node_modules_next_dist_1e8vcs8._.js:776
[  120387ms] [LOG] [Fast Refresh] done in 17ms @ http://localhost:3001/_next/static/chunks/node_modules_next_dist_1e8vcs8._.js:776
[  120422ms] [LOG] [Fast Refresh] done in 17ms @ http://localhost:3001/_next/static/chunks/node_modules_next_dist_1e8vcs8._.js:776
[  120457ms] [LOG] [Fast Refresh] done in 17ms @ http://localhost:3001/_next/static/chunks/node_modules_next_dist_1e8vcs8._.js:776
[  120491ms] [LOG] [Fast Refresh] done in 17ms @ http://localhost:3001/_next/static/chunks/node_modules_next_dist_1e8vcs8._.js:776
[  120527ms] [LOG] [Fast Refresh] done in 17ms @ http://localhost:3001/_next/static/chunks/node_modules_next_dist_1e8vcs8._.js:776
[  120561ms] [LOG] [Fast Refresh] done in 17ms @ http://localhost:3001/_next/static/chunks/node_modules_next_dist_1e8vcs8._.js:776
[  120595ms] [LOG] [Fast Refresh] done in 17ms @ http://localhost:3001/_next/static/chunks/node_modules_next_dist_1e8vcs8._.js:776
[  120631ms] [LOG] [Fast Refresh] done in 17ms @ http://localhost:3001/_next/static/chunks/node_modules_next_dist_1e8vcs8._.js:776
[  120666ms] [LOG] [Fast Refresh] done in 17ms @ http://localhost:3001/_next/static/chunks/node_modules_next_dist_1e8vcs8._.js:776
[  120701ms] [LOG] [Fast Refresh] done in 17ms @ http://localhost:3001/_next/static/chunks/node_modules_next_dist_1e8vcs8._.js:776
[  120737ms] [LOG] [Fast Refresh] done in 17ms @ http://localhost:3001/_next/static/chunks/node_modules_next_dist_1e8vcs8._.js:776
[  120771ms] [LOG] [Fast Refresh] done in 17ms @ http://localhost:3001/_next/static/chunks/node_modules_next_dist_1e8vcs8._.js:776
[  120806ms] [LOG] [Fast Refresh] done in 17ms @ http://localhost:3001/_next/static/chunks/node_modules_next_dist_1e8vcs8._.js:776
[  120840ms] [LOG] [Fast Refresh] done in 17ms @ http://localhost:3001/_next/static/chunks/node_modules_next_dist_1e8vcs8._.js:776
[  120874ms] [LOG] [Fast Refresh] done in 17ms @ http://localhost:3001/_next/static/chunks/node_modules_next_dist_1e8vcs8._.js:776
[  120908ms] [LOG] [Fast Refresh] done in 17ms @ http://localhost:3001/_next/static/chunks/node_modules_next_dist_1e8vcs8._.js:776
[  120944ms] [LOG] [Fast Refresh] done in 17ms @ http://localhost:3001/_next/static/chunks/node_modules_next_dist_1e8vcs8._.js:776
[  120978ms] [LOG] [Fast Refresh] done in 17ms @ http://localhost:3001/_next/static/chunks/node_modules_next_dist_1e8vcs8._.js:776
[  121012ms] [LOG] [Fast Refresh] done in 17ms @ http://localhost:3001/_next/static/chunks/node_modules_next_dist_1e8vcs8._.js:776
[  121048ms] [LOG] [Fast Refresh] done in 17ms @ http://localhost:3001/_next/static/chunks/node_modules_next_dist_1e8vcs8._.js:776
[  121084ms] [LOG] [Fast Refresh] done in 17ms @ http://localhost:3001/_next/static/chunks/node_modules_next_dist_1e8vcs8._.js:776
[  121118ms] [LOG] [Fast Refresh] done in 17ms @ http://localhost:3001/_next/static/chunks/node_modules_next_dist_1e8vcs8._.js:776
[  121153ms] [LOG] [Fast Refresh] done in 17ms @ http://localhost:3001/_next/static/chunks/node_modules_next_dist_1e8vcs8._.js:776
[  121188ms] [LOG] [Fast Refresh] done in 17ms @ http://localhost:3001/_next/static/chunks/node_modules_next_dist_1e8vcs8._.js:776
[  121223ms] [LOG] [Fast Refresh] done in 17ms @ http://localhost:3001/_next/static/chunks/node_modules_next_dist_1e8vcs8._.js:776
[  121258ms] [LOG] [Fast Refresh] done in 17ms @ http://localhost:3001/_next/static/chunks/node_modules_next_dist_1e8vcs8._.js:776
[  121294ms] [LOG] [Fast Refresh] done in 17ms @ http://localhost:3001/_next/static/chunks/node_modules_next_dist_1e8vcs8._.js:776
[  121328ms] [LOG] [Fast Refresh] done in 17ms @ http://localhost:3001/_next/static/chunks/node_modules_next_dist_1e8vcs8._.js:776
[  121362ms] [LOG] [Fast Refresh] done in 17ms @ http://localhost:3001/_next/static/chunks/node_modules_next_dist_1e8vcs8._.js:776
[  121398ms] [LOG] [Fast Refresh] done in 17ms @ http://localhost:3001/_next/static/chunks/node_modules_next_dist_1e8vcs8._.js:776
[  121433ms] [LOG] [Fast Refresh] done in 17ms @ http://localhost:3001/_next/static/chunks/node_modules_next_dist_1e8vcs8._.js:776
[  121467ms] [LOG] [Fast Refresh] done in 17ms @ http://localhost:3001/_next/static/chunks/node_modules_next_dist_1e8vcs8._.js:776
[  121503ms] [LOG] [Fast Refresh] done in 17ms @ http://localhost:3001/_next/static/chunks/node_modules_next_dist_1e8vcs8._.js:776
[  121539ms] [LOG] [Fast Refresh] done in 17ms @ http://localhost:3001/_next/static/chunks/node_modules_next_dist_1e8vcs8._.js:776
[  121573ms] [LOG] [Fast Refresh] done in 17ms @ http://localhost:3001/_next/static/chunks/node_modules_next_dist_1e8vcs8._.js:776
[  121607ms] [LOG] [Fast Refresh] done in 17ms @ http://localhost:3001/_next/static/chunks/node_modules_next_dist_1e8vcs8._.js:776
[  121642ms] [LOG] [Fast Refresh] done in 17ms @ http://localhost:3001/_next/static/chunks/node_modules_next_dist_1e8vcs8._.js:776
[  121677ms] [LOG] [Fast Refresh] done in 17ms @ http://localhost:3001/_next/static/chunks/node_modules_next_dist_1e8vcs8._.js:776
[  121712ms] [LOG] [Fast Refresh] done in 17ms @ http://localhost:3001/_next/static/chunks/node_modules_next_dist_1e8vcs8._.js:776
[  121746ms] [LOG] [Fast Refresh] done in 17ms @ http://localhost:3001/_next/static/chunks/node_modules_next_dist_1e8vcs8._.js:776
[  121781ms] [LOG] [Fast Refresh] done in 17ms @ http://localhost:3001/_next/static/chunks/node_modules_next_dist_1e8vcs8._.js:776
[  121815ms] [LOG] [Fast Refresh] done in 17ms @ http://localhost:3001/_next/static/chunks/node_modules_next_dist_1e8vcs8._.js:776
[  121852ms] [LOG] [Fast Refresh] done in 17ms @ http://localhost:3001/_next/static/chunks/node_modules_next_dist_1e8vcs8._.js:776
[  121887ms] [LOG] [Fast Refresh] done in 17ms @ http://localhost:3001/_next/static/chunks/node_modules_next_dist_1e8vcs8._.js:776
[  121921ms] [LOG] [Fast Refresh] done in 17ms @ http://localhost:3001/_next/static/chunks/node_modules_next_dist_1e8vcs8._.js:776
[  121957ms] [LOG] [Fast Refresh] done in 17ms @ http://localhost:3001/_next/static/chunks/node_modules_next_dist_1e8vcs8._.js:776
[  121991ms] [LOG] [Fast Refresh] done in 17ms @ http://localhost:3001/_next/static/chunks/node_modules_next_dist_1e8vcs8._.js:776
[  122026ms] [LOG] [Fast Refresh] done in 17ms @ http://localhost:3001/_next/static/chunks/node_modules_next_dist_1e8vcs8._.js:776
[  122061ms] [LOG] [Fast Refresh] done in 17ms @ http://localhost:3001/_next/static/chunks/node_modules_next_dist_1e8vcs8._.js:776
[  122095ms] [LOG] [Fast Refresh] done in 17ms @ http://localhost:3001/_next/static/chunks/node_modules_next_dist_1e8vcs8._.js:776
[  122131ms] [LOG] [Fast Refresh] done in 17ms @ http://localhost:3001/_next/static/chunks/node_modules_next_dist_1e8vcs8._.js:776
[  122165ms] [LOG] [Fast Refresh] done in 17ms @ http://localhost:3001/_next/static/chunks/node_modules_next_dist_1e8vcs8._.js:776
[  122199ms] [LOG] [Fast Refresh] done in 17ms @ http://localhost:3001/_next/static/chunks/node_modules_next_dist_1e8vcs8._.js:776
[  122233ms] [LOG] [Fast Refresh] done in 17ms @ http://localhost:3001/_next/static/chunks/node_modules_next_dist_1e8vcs8._.js:776
[  122268ms] [LOG] [Fast Refresh] done in 17ms @ http://localhost:3001/_next/static/chunks/node_modules_next_dist_1e8vcs8._.js:776
[  122302ms] [LOG] [Fast Refresh] done in 17ms @ http://localhost:3001/_next/static/chunks/node_modules_next_dist_1e8vcs8._.js:776
[  122339ms] [LOG] [Fast Refresh] done in 17ms @ http://localhost:3001/_next/static/chunks/node_modules_next_dist_1e8vcs8._.js:776
[  122373ms] [LOG] [Fast Refresh] done in 17ms @ http://localhost:3001/_next/static/chunks/node_modules_next_dist_1e8vcs8._.js:776
[  122407ms] [LOG] [Fast Refresh] done in 17ms @ http://localhost:3001/_next/static/chunks/node_modules_next_dist_1e8vcs8._.js:776
[  122441ms] [LOG] [Fast Refresh] done in 17ms @ http://localhost:3001/_next/static/chunks/node_modules_next_dist_1e8vcs8._.js:776
[  122477ms] [LOG] [Fast Refresh] done in 17ms @ http://localhost:3001/_next/static/chunks/node_modules_next_dist_1e8vcs8._.js:776
[  122512ms] [LOG] [Fast Refresh] done in 17ms @ http://localhost:3001/_next/static/chunks/node_modules_next_dist_1e8vcs8._.js:776
[  122546ms] [LOG] [Fast Refresh] done in 17ms @ http://localhost:3001/_next/static/chunks/node_modules_next_dist_1e8vcs8._.js:776
[  122580ms] [LOG] [Fast Refresh] done in 17ms @ http://localhost:3001/_next/static/chunks/node_modules_next_dist_1e8vcs8._.js:776
[  122617ms] [LOG] [Fast Refresh] done in 17ms @ http://localhost:3001/_next/static/chunks/node_modules_next_dist_1e8vcs8._.js:776
[  122652ms] [LOG] [Fast Refresh] done in 17ms @ http://localhost:3001/_next/static/chunks/node_modules_next_dist_1e8vcs8._.js:776
[  122688ms] [LOG] [Fast Refresh] done in 17ms @ http://localhost:3001/_next/static/chunks/node_modules_next_dist_1e8vcs8._.js:776
[  122723ms] [LOG] [Fast Refresh] done in 17ms @ http://localhost:3001/_next/static/chunks/node_modules_next_dist_1e8vcs8._.js:776
[  122759ms] [LOG] [Fast Refresh] done in 17ms @ http://localhost:3001/_next/static/chunks/node_modules_next_dist_1e8vcs8._.js:776
[  122794ms] [LOG] [Fast Refresh] done in 17ms @ http://localhost:3001/_next/static/chunks/node_modules_next_dist_1e8vcs8._.js:776
[  122829ms] [LOG] [Fast Refresh] done in 17ms @ http://localhost:3001/_next/static/chunks/node_modules_next_dist_1e8vcs8._.js:776
[  122863ms] [LOG] [Fast Refresh] done in 17ms @ http://localhost:3001/_next/static/chunks/node_modules_next_dist_1e8vcs8._.js:776
[  122899ms] [LOG] [Fast Refresh] done in 17ms @ http://localhost:3001/_next/static/chunks/node_modules_next_dist_1e8vcs8._.js:776
[  122933ms] [LOG] [Fast Refresh] done in 17ms @ http://localhost:3001/_next/static/chunks/node_modules_next_dist_1e8vcs8._.js:776
[  122967ms] [LOG] [Fast Refresh] done in 17ms @ http://localhost:3001/_next/static/chunks/node_modules_next_dist_1e8vcs8._.js:776
[  123002ms] [LOG] [Fast Refresh] done in 17ms @ http://localhost:3001/_next/static/chunks/node_modules_next_dist_1e8vcs8._.js:776
[  123037ms] [LOG] [Fast Refresh] done in 17ms @ http://localhost:3001/_next/static/chunks/node_modules_next_dist_1e8vcs8._.js:776
[  123072ms] [LOG] [Fast Refresh] done in 17ms @ http://localhost:3001/_next/static/chunks/node_modules_next_dist_1e8vcs8._.js:776
[  123107ms] [LOG] [Fast Refresh] done in 17ms @ http://localhost:3001/_next/static/chunks/node_modules_next_dist_1e8vcs8._.js:776
[  123140ms] [LOG] [Fast Refresh] done in 17ms @ http://localhost:3001/_next/static/chunks/node_modules_next_dist_1e8vcs8._.js:776
[  123175ms] [LOG] [Fast Refresh] done in 17ms @ http://localhost:3001/_next/static/chunks/node_modules_next_dist_1e8vcs8._.js:776
[  123210ms] [LOG] [Fast Refresh] done in 17ms @ http://localhost:3001/_next/static/chunks/node_modules_next_dist_1e8vcs8._.js:776
[  123244ms] [LOG] [Fast Refresh] done in 17ms @ http://localhost:3001/_next/static/chunks/node_modules_next_dist_1e8vcs8._.js:776
[  123279ms] [LOG] [Fast Refresh] done in 17ms @ http://localhost:3001/_next/static/chunks/node_modules_next_dist_1e8vcs8._.js:776
[  123314ms] [LOG] [Fast Refresh] done in 17ms @ http://localhost:3001/_next/static/chunks/node_modules_next_dist_1e8vcs8._.js:776
[  123349ms] [LOG] [Fast Refresh] done in 17ms @ http://localhost:3001/_next/static/chunks/node_modules_next_dist_1e8vcs8._.js:776
[  123384ms] [LOG] [Fast Refresh] done in 17ms @ http://localhost:3001/_next/static/chunks/node_modules_next_dist_1e8vcs8._.js:776
[  123418ms] [LOG] [Fast Refresh] done in 17ms @ http://localhost:3001/_next/static/chunks/node_modules_next_dist_1e8vcs8._.js:776
[  123452ms] [LOG] [Fast Refresh] done in 17ms @ http://localhost:3001/_next/static/chunks/node_modules_next_dist_1e8vcs8._.js:776
[  123488ms] [LOG] [Fast Refresh] done in 17ms @ http://localhost:3001/_next/static/chunks/node_modules_next_dist_1e8vcs8._.js:776
[  123522ms] [LOG] [Fast Refresh] done in 17ms @ http://localhost:3001/_next/static/chunks/node_modules_next_dist_1e8vcs8._.js:776
[  123557ms] [LOG] [Fast Refresh] done in 17ms @ http://localhost:3001/_next/static/chunks/node_modules_next_dist_1e8vcs8._.js:776
[  123592ms] [LOG] [Fast Refresh] done in 17ms @ http://localhost:3001/_next/static/chunks/node_modules_next_dist_1e8vcs8._.js:776
[  123627ms] [LOG] [Fast Refresh] done in 17ms @ http://localhost:3001/_next/static/chunks/node_modules_next_dist_1e8vcs8._.js:776
[  123661ms] [LOG] [Fast Refresh] done in 17ms @ http://localhost:3001/_next/static/chunks/node_modules_next_dist_1e8vcs8._.js:776
[  123696ms] [LOG] [Fast Refresh] done in 17ms @ http://localhost:3001/_next/static/chunks/node_modules_next_dist_1e8vcs8._.js:776
[  123731ms] [LOG] [Fast Refresh] done in 17ms @ http://localhost:3001/_next/static/chunks/node_modules_next_dist_1e8vcs8._.js:776
[  123767ms] [LOG] [Fast Refresh] done in 17ms @ http://localhost:3001/_next/static/chunks/node_modules_next_dist_1e8vcs8._.js:776
[  123802ms] [LOG] [Fast Refresh] done in 17ms @ http://localhost:3001/_next/static/chunks/node_modules_next_dist_1e8vcs8._.js:776
[  123838ms] [LOG] [Fast Refresh] done in 17ms @ http://localhost:3001/_next/static/chunks/node_modules_next_dist_1e8vcs8._.js:776
[  123873ms] [LOG] [Fast Refresh] done in 17ms @ http://localhost:3001/_next/static/chunks/node_modules_next_dist_1e8vcs8._.js:776
[  123907ms] [LOG] [Fast Refresh] done in 17ms @ http://localhost:3001/_next/static/chunks/node_modules_next_dist_1e8vcs8._.js:776
[  123943ms] [LOG] [Fast Refresh] done in 17ms @ http://localhost:3001/_next/static/chunks/node_modules_next_dist_1e8vcs8._.js:776
[  123977ms] [LOG] [Fast Refresh] done in 17ms @ http://localhost:3001/_next/static/chunks/node_modules_next_dist_1e8vcs8._.js:776
[  124013ms] [LOG] [Fast Refresh] done in 17ms @ http://localhost:3001/_next/static/chunks/node_modules_next_dist_1e8vcs8._.js:776
[  124047ms] [LOG] [Fast Refresh] done in 17ms @ http://localhost:3001/_next/static/chunks/node_modules_next_dist_1e8vcs8._.js:776
[  124081ms] [LOG] [Fast Refresh] done in 17ms @ http://localhost:3001/_next/static/chunks/node_modules_next_dist_1e8vcs8._.js:776
[  124115ms] [LOG] [Fast Refresh] done in 17ms @ http://localhost:3001/_next/static/chunks/node_modules_next_dist_1e8vcs8._.js:776
[  124149ms] [LOG] [Fast Refresh] done in 17ms @ http://localhost:3001/_next/static/chunks/node_modules_next_dist_1e8vcs8._.js:776
[  124184ms] [LOG] [Fast Refresh] done in 17ms @ http://localhost:3001/_next/static/chunks/node_modules_next_dist_1e8vcs8._.js:776
[  124219ms] [LOG] [Fast Refresh] done in 17ms @ http://localhost:3001/_next/static/chunks/node_modules_next_dist_1e8vcs8._.js:776
[  124253ms] [LOG] [Fast Refresh] done in 17ms @ http://localhost:3001/_next/static/chunks/node_modules_next_dist_1e8vcs8._.js:776
[  124289ms] [LOG] [Fast Refresh] done in 17ms @ http://localhost:3001/_next/static/chunks/node_modules_next_dist_1e8vcs8._.js:776
[  124324ms] [LOG] [Fast Refresh] done in 17ms @ http://localhost:3001/_next/static/chunks/node_modules_next_dist_1e8vcs8._.js:776
[  124359ms] [LOG] [Fast Refresh] done in 17ms @ http://localhost:3001/_next/static/chunks/node_modules_next_dist_1e8vcs8._.js:776
[  124394ms] [LOG] [Fast Refresh] done in 17ms @ http://localhost:3001/_next/static/chunks/node_modules_next_dist_1e8vcs8._.js:776
[  124429ms] [LOG] [Fast Refresh] done in 17ms @ http://localhost:3001/_next/static/chunks/node_modules_next_dist_1e8vcs8._.js:776
[  124466ms] [LOG] [Fast Refresh] done in 17ms @ http://localhost:3001/_next/static/chunks/node_modules_next_dist_1e8vcs8._.js:776
[  124500ms] [LOG] [Fast Refresh] done in 17ms @ http://localhost:3001/_next/static/chunks/node_modules_next_dist_1e8vcs8._.js:776
[  124534ms] [LOG] [Fast Refresh] done in 17ms @ http://localhost:3001/_next/static/chunks/node_modules_next_dist_1e8vcs8._.js:776
[  124569ms] [LOG] [Fast Refresh] done in 17ms @ http://localhost:3001/_next/static/chunks/node_modules_next_dist_1e8vcs8._.js:776
[  124604ms] [LOG] [Fast Refresh] done in 17ms @ http://localhost:3001/_next/static/chunks/node_modules_next_dist_1e8vcs8._.js:776
[  124639ms] [LOG] [Fast Refresh] done in 17ms @ http://localhost:3001/_next/static/chunks/node_modules_next_dist_1e8vcs8._.js:776
[  124674ms] [LOG] [Fast Refresh] done in 17ms @ http://localhost:3001/_next/static/chunks/node_modules_next_dist_1e8vcs8._.js:776
[  124707ms] [LOG] [Fast Refresh] done in 17ms @ http://localhost:3001/_next/static/chunks/node_modules_next_dist_1e8vcs8._.js:776
[  124742ms] [LOG] [Fast Refresh] done in 17ms @ http://localhost:3001/_next/static/chunks/node_modules_next_dist_1e8vcs8._.js:776
[  124777ms] [LOG] [Fast Refresh] done in 17ms @ http://localhost:3001/_next/static/chunks/node_modules_next_dist_1e8vcs8._.js:776
[  124833ms] [LOG] [Fast Refresh] done in 17ms @ http://localhost:3001/_next/static/chunks/node_modules_next_dist_1e8vcs8._.js:776
[  124893ms] [INFO] %cDownload the React DevTools for a better development experience: https://react.dev/link/react-devtools font-weight:bold @ http://localhost:3001/_next/static/chunks/node_modules_next_dist_1e8vcs8._.js:776
[  124915ms] [LOG] [HMR] connected @ http://localhost:3001/_next/static/chunks/node_modules_next_dist_1e8vcs8._.js:776
[  152552ms] [LOG] [Fast Refresh] rebuilding @ http://localhost:3001/_next/static/chunks/node_modules_next_dist_1e8vcs8._.js:776
[  152750ms] [LOG] [Fast Refresh] done in 300ms @ http://localhost:3001/_next/static/chunks/node_modules_next_dist_1e8vcs8._.js:776
[  242905ms] [INFO] %cDownload the React DevTools for a better development experience: https://react.dev/link/react-devtools font-weight:bold @ http://localhost:3001/_next/static/chunks/node_modules_next_dist_1e8vcs8._.js:776
[  242925ms] [LOG] [HMR] connected @ http://localhost:3001/_next/static/chunks/node_modules_next_dist_1e8vcs8._.js:776
